============================= test session starts =============================
platform win32 -- Python 3.14.0, pytest-9.0.3, pluggy-1.6.0 -- C:\Users\Windows 10\AppData\Local\Python\pythoncore-3.14-64\python.exe
cachedir: .pytest_cache
rootdir: C:\Users\Windows 10\Desktop\trae\付刷
configfile: pytest.ini
plugins: anyio-4.13.0, asyncio-1.3.0
asyncio: mode=Mode.STRICT, debug=False, asyncio_default_fixture_loop_scope=None, asyncio_default_test_loop_scope=function
collecting ... collected 1 item

tests/test_import_preview.py::TestImportConfirm::test_confirm_imports_questions FAILED [100%]

================================== FAILURES ===================================
______________ TestImportConfirm.test_confirm_imports_questions _______________

self = <tests.test_import_preview.TestImportConfirm object at 0x00000176DB582490>
client = <starlette.testclient.TestClient object at 0x00000176DB5D1E80>
db_session = <sqlalchemy.orm.session.Session object at 0x00000176DB5D2A50>

    def test_confirm_imports_questions(self, client, db_session):
        teacher = create_test_user(db_session, "confirmteacher1", "teacher")
        register_and_login(client, "confirmteacher1", "teacher")
        csrf = get_csrf_token(client)
        csv_content = "subject,semester,chapter,q_type,difficulty,content,option_a,option_b,option_c,option_d,answer,explanation\n数学,八年级上册,代数,choice,2,1+1等于几？,1,2,3,4,B,1+1=2\n英语,七年级上册,,fill,1,Apple的中文意思是___,,,,,,苹果,"
        preview_resp = client.post(
            "/teacher/questions/import-preview",
            data={"_csrf_token": csrf, "bank_id": ""},
            files={"file": ("test.csv", csv_content.encode("utf-8"), "text/csv")},
        )
        assert preview_resp.status_code == 200
        import_token = _extract_token(preview_resp.text)
        assert import_token
    
        csrf2 = get_csrf_token(client)
        confirm_resp = client.post(
            "/teacher/questions/import-confirm",
            data={"_csrf_token": csrf2, "import_token": import_token},
        )
        assert confirm_resp.status_code == 200
        has_success = "成功导入" in confirm_resp.text
        has_error = "导入会话已过期" in confirm_resp.text
        has_alert_error = "alert-error" in confirm_resp.text
        has_alert_success = "alert-success" in confirm_resp.text
        has_import_title = "导入题库" in confirm_resp.text
        has_form = "import-preview" in confirm_resp.text
        assert has_success, f"success={has_success}, error={has_error}, alert_error={has_alert_error}, alert_success={has_alert_success}, import_title={has_import_title}, form={has_form}"
        questions = db_session.query(Question).filter(Question.created_by == teacher.id).all()
>       assert len(questions) == 2
E       assert 1 == 2
E        +  where 1 = len([<app.models.Question object at 0x00000176DB6C2E90>])

tests\test_import_preview.py:182: AssertionError
---------------------------- Captured stderr call -----------------------------
2026-05-09 09:49:07 [INFO] httpx: HTTP Request: GET http://testserver/login "HTTP/1.1 200 OK"
2026-05-09 09:49:07 [INFO] httpx: HTTP Request: POST http://testserver/register "HTTP/1.1 200 OK"
2026-05-09 09:49:07 [INFO] httpx: HTTP Request: GET http://testserver/login "HTTP/1.1 200 OK"
2026-05-09 09:49:07 [INFO] httpx: HTTP Request: POST http://testserver/login "HTTP/1.1 303 See Other"
2026-05-09 09:49:07 [INFO] httpx: HTTP Request: GET http://testserver/login "HTTP/1.1 200 OK"
2026-05-09 09:49:07 [INFO] httpx: HTTP Request: POST http://testserver/teacher/questions/import-preview "HTTP/1.1 200 OK"
2026-05-09 09:49:07 [INFO] httpx: HTTP Request: GET http://testserver/login "HTTP/1.1 200 OK"
2026-05-09 09:49:07 [INFO] httpx: HTTP Request: POST http://testserver/teacher/questions/import-confirm "HTTP/1.1 200 OK"
------------------------------ Captured log call ------------------------------
INFO     httpx:_client.py:1025 HTTP Request: GET http://testserver/login "HTTP/1.1 200 OK"
INFO     httpx:_client.py:1025 HTTP Request: POST http://testserver/register "HTTP/1.1 200 OK"
INFO     httpx:_client.py:1025 HTTP Request: GET http://testserver/login "HTTP/1.1 200 OK"
INFO     httpx:_client.py:1025 HTTP Request: POST http://testserver/login "HTTP/1.1 303 See Other"
INFO     httpx:_client.py:1025 HTTP Request: GET http://testserver/login "HTTP/1.1 200 OK"
INFO     httpx:_client.py:1025 HTTP Request: POST http://testserver/teacher/questions/import-preview "HTTP/1.1 200 OK"
INFO     httpx:_client.py:1025 HTTP Request: GET http://testserver/login "HTTP/1.1 200 OK"
INFO     httpx:_client.py:1025 HTTP Request: POST http://testserver/teacher/questions/import-confirm "HTTP/1.1 200 OK"
============================== warnings summary ===============================
..\..\..\AppData\Local\Python\pythoncore-3.14-64\Lib\site-packages\fastapi\routing.py:233: 143 warnings
  C:\Users\Windows 10\AppData\Local\Python\pythoncore-3.14-64\Lib\site-packages\fastapi\routing.py:233: DeprecationWarning: 'asyncio.iscoroutinefunction' is deprecated and slated for removal in Python 3.16; use inspect.iscoroutinefunction() instead
    is_coroutine = asyncio.iscoroutinefunction(dependant.call)

..\..\..\AppData\Local\Python\pythoncore-3.14-64\Lib\site-packages\starlette\_utils.py:40: 147 warnings
tests/test_import_preview.py: 2 warnings
  C:\Users\Windows 10\AppData\Local\Python\pythoncore-3.14-64\Lib\site-packages\starlette\_utils.py:40: DeprecationWarning: 'asyncio.iscoroutinefunction' is deprecated and slated for removal in Python 3.16; use inspect.iscoroutinefunction() instead
    return asyncio.iscoroutinefunction(obj) or (callable(obj) and asyncio.iscoroutinefunction(obj.__call__))

tests/test_import_preview.py::TestImportConfirm::test_confirm_imports_questions
tests/test_import_preview.py::TestImportConfirm::test_confirm_imports_questions
tests/test_import_preview.py::TestImportConfirm::test_confirm_imports_questions
tests/test_import_preview.py::TestImportConfirm::test_confirm_imports_questions
tests/test_import_preview.py::TestImportConfirm::test_confirm_imports_questions
tests/test_import_preview.py::TestImportConfirm::test_confirm_imports_questions
tests/test_import_preview.py::TestImportConfirm::test_confirm_imports_questions
  C:\Users\Windows 10\AppData\Local\Python\pythoncore-3.14-64\Lib\site-packages\starlette\templating.py:161: DeprecationWarning: The `name` is not the first parameter anymore. The first parameter should be the `Request` instance.
  Replace `TemplateResponse(name, {"request": request})` by `TemplateResponse(request, name)`.
    warnings.warn(

-- Docs: https://docs.pytest.org/en/stable/how-to/capture-warnings.html
=========================== short test summary info ===========================
FAILED tests/test_import_preview.py::TestImportConfirm::test_confirm_imports_questions - assert 1 == 2
 +  where 1 = len([<app.models.Question object at 0x00000176DB6C2E90>])
======================= 1 failed, 299 warnings in 0.96s =======================
